[CC]   kernel/main.c
cc -ffreestanding -fno-exceptions -fno-stack-protector -nostdlib -nostdinc -mno-red-zone -mno-sse -mno-sse2 -mno-mmx -Wall -Wextra -Os -Ikernel/apps/doomgeneric/include -Ikernel/apps/doomgeneric/doomgeneric -Iinclude -Ikernel/net/lwip/src/include -Ikernel/net/lwip_port -c kernel/main.c -o build/kernel/main.o
[CC]   kernel/klog.c
cc -ffreestanding -fno-exceptions -fno-stack-protector -nostdlib -nostdinc -mno-red-zone -mno-sse -mno-sse2 -mno-mmx -Wall -Wextra -Os -Ikernel/apps/doomgeneric/include -Ikernel/apps/doomgeneric/doomgeneric -Iinclude -Ikernel/net/lwip/src/include -Ikernel/net/lwip_port -c kernel/klog.c -o build/kernel/klog.o
[CC]   kernel/string.c
cc -ffreestanding -fno-exceptions -fno-stack-protector -nostdlib -nostdinc -mno-red-zone -mno-sse -mno-sse2 -mno-mmx -Wall -Wextra -Os -Ikernel/apps/doomgeneric/include -Ikernel/apps/doomgeneric/doomgeneric -Iinclude -Ikernel/net/lwip/src/include -Ikernel/net/lwip_port -c kernel/string.c -o build/kernel/string.o
[CC]   kernel/stdio.c
cc -ffreestanding -fno-exceptions -fno-stack-protector -nostdlib -nostdinc -mno-red-zone -mno-sse -mno-sse2 -mno-mmx -Wall -Wextra -Os -Ikernel/apps/doomgeneric/include -Ikernel/apps/doomgeneric/doomgeneric -Iinclude -Ikernel/net/lwip/src/include -Ikernel/net/lwip_port -c kernel/stdio.c -o build/kernel/stdio.o
[CC]   kernel/futex.c
cc -ffreestanding -fno-exceptions -fno-stack-protector -nostdlib -nostdinc -mno-red-zone -mno-sse -mno-sse2 -mno-mmx -Wall -Wextra -Os -Ikernel/apps/doomgeneric/include -Ikernel/apps/doomgeneric/doomgeneric -Iinclude -Ikernel/net/lwip/src/include -Ikernel/net/lwip_port -c kernel/futex.c -o build/kernel/futex.o
[CC]   kernel/sem.c
cc -ffreestanding -fno-exceptions -fno-stack-protector -nostdlib -nostdinc -mno-red-zone -mno-sse -mno-sse2 -mno-mmx -Wall -Wextra -Os -Ikernel/apps/doomgeneric/include -Ikernel/apps/doomgeneric/doomgeneric -Iinclude -Ikernel/net/lwip/src/include -Ikernel/net/lwip_port -c kernel/sem.c -o build/kernel/sem.o
[CC]   kernel/shell/shell.c
cc -ffreestanding -fno-exceptions -fno-stack-protector -nostdlib -nostdinc -mno-red-zone -mno-sse -mno-sse2 -mno-mmx -Wall -Wextra -Os -Ikernel/apps/doomgeneric/include -Ikernel/apps/doomgeneric/doomgeneric -Iinclude -Ikernel/net/lwip/src/include -Ikernel/net/lwip_port -c kernel/shell/shell.c -o build/kernel/shell/shell.o
[CC]   kernel/shell/commands.c
cc -ffreestanding -fno-exceptions -fno-stack-protector -nostdlib -nostdinc -mno-red-zone -mno-sse -mno-sse2 -mno-mmx -Wall -Wextra -Os -Ikernel/apps/doomgeneric/include -Ikernel/apps/doomgeneric/doomgeneric -Iinclude -Ikernel/net/lwip/src/include -Ikernel/net/lwip_port -c kernel/shell/commands.c -o build/kernel/shell/commands.o
[CC]   kernel/shell/history.c
cc -ffreestanding -fno-exceptions -fno-stack-protector -nostdlib -nostdinc -mno-red-zone -mno-sse -mno-sse2 -mno-mmx -Wall -Wextra -Os -Ikernel/apps/doomgeneric/include -Ikernel/apps/doomgeneric/doomgeneric -Iinclude -Ikernel/net/lwip/src/include -Ikernel/net/lwip_port -c kernel/shell/history.c -o build/kernel/shell/history.o
[CC]   kernel/shell/cmd_system.c
cc -ffreestanding -fno-exceptions -fno-stack-protector -nostdlib -nostdinc -mno-red-zone -mno-sse -mno-sse2 -mno-mmx -Wall -Wextra -Os -Ikernel/apps/doomgeneric/include -Ikernel/apps/doomgeneric/doomgeneric -Iinclude -Ikernel/net/lwip/src/include -Ikernel/net/lwip_port -c kernel/shell/cmd_system.c -o build/kernel/shell/cmd_system.o
[CC]   kernel/shell/cmd_net.c
cc -ffreestanding -fno-exceptions -fno-stack-protector -nostdlib -nostdinc -mno-red-zone -mno-sse -mno-sse2 -mno-mmx -Wall -Wextra -Os -Ikernel/apps/doomgeneric/include -Ikernel/apps/doomgeneric/doomgeneric -Iinclude -Ikernel/net/lwip/src/include -Ikernel/net/lwip_port -c kernel/shell/cmd_net.c -o build/kernel/shell/cmd_net.o
[CC]   kernel/shell/cmd_task.c
cc -ffreestanding -fno-exceptions -fno-stack-protector -nostdlib -nostdinc -mno-red-zone -mno-sse -mno-sse2 -mno-mmx -Wall -Wextra -Os -Ikernel/apps/doomgeneric/include -Ikernel/apps/doomgeneric/doomgeneric -Iinclude -Ikernel/net/lwip/src/include -Ikernel/net/lwip_port -c kernel/shell/cmd_task.c -o build/kernel/shell/cmd_task.o
[CC]   kernel/shell/cmd_misc.c
cc -ffreestanding -fno-exceptions -fno-stack-protector -nostdlib -nostdinc -mno-red-zone -mno-sse -mno-sse2 -mno-mmx -Wall -Wextra -Os -Ikernel/apps/doomgeneric/include -Ikernel/apps/doomgeneric/doomgeneric -Iinclude -Ikernel/net/lwip/src/include -Ikernel/net/lwip_port -c kernel/shell/cmd_misc.c -o build/kernel/shell/cmd_misc.o
[CC]   kernel/shell/cmd_devices.c
cc -ffreestanding -fno-exceptions -fno-stack-protector -nostdlib -nostdinc -mno-red-zone -mno-sse -mno-sse2 -mno-mmx -Wall -Wextra -Os -Ikernel/apps/doomgeneric/include -Ikernel/apps/doomgeneric/doomgeneric -Iinclude -Ikernel/net/lwip/src/include -Ikernel/net/lwip_port -c kernel/shell/cmd_devices.c -o build/kernel/shell/cmd_devices.o
[CC]   kernel/shell/cmd_time.c
cc -ffreestanding -fno-exceptions -fno-stack-protector -nostdlib -nostdinc -mno-red-zone -mno-sse -mno-sse2 -mno-mmx -Wall -Wextra -Os -Ikernel/apps/doomgeneric/include -Ikernel/apps/doomgeneric/doomgeneric -Iinclude -Ikernel/net/lwip/src/include -Ikernel/net/lwip_port -c kernel/shell/cmd_time.c -o build/kernel/shell/cmd_time.o
[CC]   kernel/shell/cmd_ota.c
cc -ffreestanding -fno-exceptions -fno-stack-protector -nostdlib -nostdinc -mno-red-zone -mno-sse -mno-sse2 -mno-mmx -Wall -Wextra -Os -Ikernel/apps/doomgeneric/include -Ikernel/apps/doomgeneric/doomgeneric -Iinclude -Ikernel/net/lwip/src/include -Ikernel/net/lwip_port -c kernel/shell/cmd_ota.c -o build/kernel/shell/cmd_ota.o
[CC]   kernel/shell/cmd_user.c
cc -ffreestanding -fno-exceptions -fno-stack-protector -nostdlib -nostdinc -mno-red-zone -mno-sse -mno-sse2 -mno-mmx -Wall -Wextra -Os -Ikernel/apps/doomgeneric/include -Ikernel/apps/doomgeneric/doomgeneric -Iinclude -Ikernel/net/lwip/src/include -Ikernel/net/lwip_port -c kernel/shell/cmd_user.c -o build/kernel/shell/cmd_user.o
[CC]   kernel/shell/cmd_panel.c
cc -ffreestanding -fno-exceptions -fno-stack-protector -nostdlib -nostdinc -mno-red-zone -mno-sse -mno-sse2 -mno-mmx -Wall -Wextra -Os -Ikernel/apps/doomgeneric/include -Ikernel/apps/doomgeneric/doomgeneric -Iinclude -Ikernel/net/lwip/src/include -Ikernel/net/lwip_port -c kernel/shell/cmd_panel.c -o build/kernel/shell/cmd_panel.o
[CC]   kernel/drivers/video/vga.c
cc -ffreestanding -fno-exceptions -fno-stack-protector -nostdlib -nostdinc -mno-red-zone -mno-sse -mno-sse2 -mno-mmx -Wall -Wextra -Os -Ikernel/apps/doomgeneric/include -Ikernel/apps/doomgeneric/doomgeneric -Iinclude -Ikernel/net/lwip/src/include -Ikernel/net/lwip_port -c kernel/drivers/video/vga.c -o build/kernel/drivers/video/vga.o
[CC]   kernel/drivers/serial/serial.c
cc -ffreestanding -fno-exceptions -fno-stack-protector -nostdlib -nostdinc -mno-red-zone -mno-sse -mno-sse2 -mno-mmx -Wall -Wextra -Os -Ikernel/apps/doomgeneric/include -Ikernel/apps/doomgeneric/doomgeneric -Iinclude -Ikernel/net/lwip/src/include -Ikernel/net/lwip_port -c kernel/drivers/serial/serial.c -o build/kernel/drivers/serial/serial.o
[CC]   kernel/drivers/input/keyboard.c
cc -ffreestanding -fno-exceptions -fno-stack-protector -nostdlib -nostdinc -mno-red-zone -mno-sse -mno-sse2 -mno-mmx -Wall -Wextra -Os -Ikernel/apps/doomgeneric/include -Ikernel/apps/doomgeneric/doomgeneric -Iinclude -Ikernel/net/lwip/src/include -Ikernel/net/lwip_port -c kernel/drivers/input/keyboard.c -o build/kernel/drivers/input/keyboard.o
[CC]   kernel/drivers/input/input.c
cc -ffreestanding -fno-exceptions -fno-stack-protector -nostdlib -nostdinc -mno-red-zone -mno-sse -mno-sse2 -mno-mmx -Wall -Wextra -Os -Ikernel/apps/doomgeneric/include -Ikernel/apps/doomgeneric/doomgeneric -Iinclude -Ikernel/net/lwip/src/include -Ikernel/net/lwip_port -c kernel/drivers/input/input.c -o build/kernel/drivers/input/input.o
[CC]   kernel/drivers/tty.c
cc -ffreestanding -fno-exceptions -fno-stack-protector -nostdlib -nostdinc -mno-red-zone -mno-sse -mno-sse2 -mno-mmx -Wall -Wextra -Os -Ikernel/apps/doomgeneric/include -Ikernel/apps/doomgeneric/doomgeneric -Iinclude -Ikernel/net/lwip/src/include -Ikernel/net/lwip_port -c kernel/drivers/tty.c -o build/kernel/drivers/tty.o
[CC]   kernel/arch/x86_64/hal_impl.c
cc -ffreestanding -fno-exceptions -fno-stack-protector -nostdlib -nostdinc -mno-red-zone -mno-sse -mno-sse2 -mno-mmx -Wall -Wextra -Os -Ikernel/apps/doomgeneric/include -Ikernel/apps/doomgeneric/doomgeneric -Iinclude -Ikernel/net/lwip/src/include -Ikernel/net/lwip_port -c kernel/arch/x86_64/hal_impl.c -o build/kernel/arch/x86_64/hal_impl.o
[CC]   kernel/arch/x86_64/idt.c
cc -ffreestanding -fno-exceptions -fno-stack-protector -nostdlib -nostdinc -mno-red-zone -mno-sse -mno-sse2 -mno-mmx -Wall -Wextra -Os -Ikernel/apps/doomgeneric/include -Ikernel/apps/doomgeneric/doomgeneric -Iinclude -Ikernel/net/lwip/src/include -Ikernel/net/lwip_port -c kernel/arch/x86_64/idt.c -o build/kernel/arch/x86_64/idt.o
[CC]   kernel/arch/x86_64/pic.c
cc -ffreestanding -fno-exceptions -fno-stack-protector -nostdlib -nostdinc -mno-red-zone -mno-sse -mno-sse2 -mno-mmx -Wall -Wextra -Os -Ikernel/apps/doomgeneric/include -Ikernel/apps/doomgeneric/doomgeneric -Iinclude -Ikernel/net/lwip/src/include -Ikernel/net/lwip_port -c kernel/arch/x86_64/pic.c -o build/kernel/arch/x86_64/pic.o
[CC]   kernel/drivers/timer/pit.c
cc -ffreestanding -fno-exceptions -fno-stack-protector -nostdlib -nostdinc -mno-red-zone -mno-sse -mno-sse2 -mno-mmx -Wall -Wextra -Os -Ikernel/apps/doomgeneric/include -Ikernel/apps/doomgeneric/doomgeneric -Iinclude -Ikernel/net/lwip/src/include -Ikernel/net/lwip_port -c kernel/drivers/timer/pit.c -o build/kernel/drivers/timer/pit.o
[CC]   kernel/drivers/rtc/rtc.c
cc -ffreestanding -fno-exceptions -fno-stack-protector -nostdlib -nostdinc -mno-red-zone -mno-sse -mno-sse2 -mno-mmx -Wall -Wextra -Os -Ikernel/apps/doomgeneric/include -Ikernel/apps/doomgeneric/doomgeneric -Iinclude -Ikernel/net/lwip/src/include -Ikernel/net/lwip_port -c kernel/drivers/rtc/rtc.c -o build/kernel/drivers/rtc/rtc.o
[CC]   kernel/arch/x86_64/boot/nvram.c
cc -ffreestanding -fno-exceptions -fno-stack-protector -nostdlib -nostdinc -mno-red-zone -mno-sse -mno-sse2 -mno-mmx -Wall -Wextra -Os -Ikernel/apps/doomgeneric/include -Ikernel/apps/doomgeneric/doomgeneric -Iinclude -Ikernel/net/lwip/src/include -Ikernel/net/lwip_port -c kernel/arch/x86_64/boot/nvram.c -o build/kernel/arch/x86_64/boot/nvram.o
[CC]   kernel/mm/heap.c
cc -ffreestanding -fno-exceptions -fno-stack-protector -nostdlib -nostdinc -mno-red-zone -mno-sse -mno-sse2 -mno-mmx -Wall -Wextra -Os -Ikernel/apps/doomgeneric/include -Ikernel/apps/doomgeneric/doomgeneric -Iinclude -Ikernel/net/lwip/src/include -Ikernel/net/lwip_port -c kernel/mm/heap.c -o build/kernel/mm/heap.o
[CC]   kernel/apps/santitravel.c
cc -ffreestanding -fno-exceptions -fno-stack-protector -nostdlib -nostdinc -mno-red-zone -mno-sse -mno-sse2 -mno-mmx -Wall -Wextra -Os -Ikernel/apps/doomgeneric/include -Ikernel/apps/doomgeneric/doomgeneric -Iinclude -Ikernel/net/lwip/src/include -Ikernel/net/lwip_port -c kernel/apps/santitravel.c -o build/kernel/apps/santitravel.o
[CC]   kernel/apps/sysmon.c
cc -ffreestanding -fno-exceptions -fno-stack-protector -nostdlib -nostdinc -mno-red-zone -mno-sse -mno-sse2 -mno-mmx -Wall -Wextra -Os -Ikernel/apps/doomgeneric/include -Ikernel/apps/doomgeneric/doomgeneric -Iinclude -Ikernel/net/lwip/src/include -Ikernel/net/lwip_port -c kernel/apps/sysmon.c -o build/kernel/apps/sysmon.o
[CC]   kernel/apps/gui_demo.c
cc -ffreestanding -fno-exceptions -fno-stack-protector -nostdlib -nostdinc -mno-red-zone -mno-sse -mno-sse2 -mno-mmx -Wall -Wextra -Os -Ikernel/apps/doomgeneric/include -Ikernel/apps/doomgeneric/doomgeneric -Iinclude -Ikernel/net/lwip/src/include -Ikernel/net/lwip_port -c kernel/apps/gui_demo.c -o build/kernel/apps/gui_demo.o
[CC]   kernel/apps/user_loader.c
cc -ffreestanding -fno-exceptions -fno-stack-protector -nostdlib -nostdinc -mno-red-zone -mno-sse -mno-sse2 -mno-mmx -Wall -Wextra -Os -Ikernel/apps/doomgeneric/include -Ikernel/apps/doomgeneric/doomgeneric -Iinclude -Ikernel/net/lwip/src/include -Ikernel/net/lwip_port -c kernel/apps/user_loader.c -o build/kernel/apps/user_loader.o
[CC]   kernel/drivers/pci/pci.c
cc -ffreestanding -fno-exceptions -fno-stack-protector -nostdlib -nostdinc -mno-red-zone -mno-sse -mno-sse2 -mno-mmx -Wall -Wextra -Os -Ikernel/apps/doomgeneric/include -Ikernel/apps/doomgeneric/doomgeneric -Iinclude -Ikernel/net/lwip/src/include -Ikernel/net/lwip_port -c kernel/drivers/pci/pci.c -o build/kernel/drivers/pci/pci.o
[CC]   kernel/fs/initrd.c
cc -ffreestanding -fno-exceptions -fno-stack-protector -nostdlib -nostdinc -mno-red-zone -mno-sse -mno-sse2 -mno-mmx -Wall -Wextra -Os -Ikernel/apps/doomgeneric/include -Ikernel/apps/doomgeneric/doomgeneric -Iinclude -Ikernel/net/lwip/src/include -Ikernel/net/lwip_port -c kernel/fs/initrd.c -o build/kernel/fs/initrd.o
[CC]   kernel/fs/vfs.c
cc -ffreestanding -fno-exceptions -fno-stack-protector -nostdlib -nostdinc -mno-red-zone -mno-sse -mno-sse2 -mno-mmx -Wall -Wextra -Os -Ikernel/apps/doomgeneric/include -Ikernel/apps/doomgeneric/doomgeneric -Iinclude -Ikernel/net/lwip/src/include -Ikernel/net/lwip_port -c kernel/fs/vfs.c -o build/kernel/fs/vfs.o
[CC]   kernel/fs/bcache.c
cc -ffreestanding -fno-exceptions -fno-stack-protector -nostdlib -nostdinc -mno-red-zone -mno-sse -mno-sse2 -mno-mmx -Wall -Wextra -Os -Ikernel/apps/doomgeneric/include -Ikernel/apps/doomgeneric/doomgeneric -Iinclude -Ikernel/net/lwip/src/include -Ikernel/net/lwip_port -c kernel/fs/bcache.c -o build/kernel/fs/bcache.o
[CC]   kernel/fs/devfs.c
cc -ffreestanding -fno-exceptions -fno-stack-protector -nostdlib -nostdinc -mno-red-zone -mno-sse -mno-sse2 -mno-mmx -Wall -Wextra -Os -Ikernel/apps/doomgeneric/include -Ikernel/apps/doomgeneric/doomgeneric -Iinclude -Ikernel/net/lwip/src/include -Ikernel/net/lwip_port -c kernel/fs/devfs.c -o build/kernel/fs/devfs.o
kernel/fs/devfs.c: In function ‘dev_binder_ioctl’:
kernel/fs/devfs.c:108:17: warning: comparison of integer expressions of different signedness: ‘int’ and ‘unsigned int’ [-Wsign-compare]
  108 |     if (request == BINDER_VERSION_IOWR) {
      |                 ^~
[CC]   kernel/fs/shmfs.c
cc -ffreestanding -fno-exceptions -fno-stack-protector -nostdlib -nostdinc -mno-red-zone -mno-sse -mno-sse2 -mno-mmx -Wall -Wextra -Os -Ikernel/apps/doomgeneric/include -Ikernel/apps/doomgeneric/doomgeneric -Iinclude -Ikernel/net/lwip/src/include -Ikernel/net/lwip_port -c kernel/fs/shmfs.c -o build/kernel/fs/shmfs.o
[CC]   kernel/fs/procfs.c
cc -ffreestanding -fno-exceptions -fno-stack-protector -nostdlib -nostdinc -mno-red-zone -mno-sse -mno-sse2 -mno-mmx -Wall -Wextra -Os -Ikernel/apps/doomgeneric/include -Ikernel/apps/doomgeneric/doomgeneric -Iinclude -Ikernel/net/lwip/src/include -Ikernel/net/lwip_port -c kernel/fs/procfs.c -o build/kernel/fs/procfs.o
[CC]   kernel/fs/jfs.c
cc -ffreestanding -fno-exceptions -fno-stack-protector -nostdlib -nostdinc -mno-red-zone -mno-sse -mno-sse2 -mno-mmx -Wall -Wextra -Os -Ikernel/apps/doomgeneric/include -Ikernel/apps/doomgeneric/doomgeneric -Iinclude -Ikernel/net/lwip/src/include -Ikernel/net/lwip_port -c kernel/fs/jfs.c -o build/kernel/fs/jfs.o
[CC]   kernel/crypto/sha256.c
cc -ffreestanding -fno-exceptions -fno-stack-protector -nostdlib -nostdinc -mno-red-zone -mno-sse -mno-sse2 -mno-mmx -Wall -Wextra -Os -Ikernel/apps/doomgeneric/include -Ikernel/apps/doomgeneric/doomgeneric -Iinclude -Ikernel/net/lwip/src/include -Ikernel/net/lwip_port -c kernel/crypto/sha256.c -o build/kernel/crypto/sha256.o
[CC]   kernel/crypto/sha512.c
cc -ffreestanding -fno-exceptions -fno-stack-protector -nostdlib -nostdinc -mno-red-zone -mno-sse -mno-sse2 -mno-mmx -Wall -Wextra -Os -Ikernel/apps/doomgeneric/include -Ikernel/apps/doomgeneric/doomgeneric -Iinclude -Ikernel/net/lwip/src/include -Ikernel/net/lwip_port -c kernel/crypto/sha512.c -o build/kernel/crypto/sha512.o
[CC]   kernel/crypto/ed25519.c
cc -ffreestanding -fno-exceptions -fno-stack-protector -nostdlib -nostdinc -mno-red-zone -mno-sse -mno-sse2 -mno-mmx -Wall -Wextra -Os -Ikernel/apps/doomgeneric/include -Ikernel/apps/doomgeneric/doomgeneric -Iinclude -Ikernel/net/lwip/src/include -Ikernel/net/lwip_port -c kernel/crypto/ed25519.c -o build/kernel/crypto/ed25519.o
[CC]   kernel/task.c
cc -ffreestanding -fno-exceptions -fno-stack-protector -nostdlib -nostdinc -mno-red-zone -mno-sse -mno-sse2 -mno-mmx -Wall -Wextra -Os -Ikernel/apps/doomgeneric/include -Ikernel/apps/doomgeneric/doomgeneric -Iinclude -Ikernel/net/lwip/src/include -Ikernel/net/lwip_port -c kernel/task.c -o build/kernel/task.o
[CC]   kernel/drivers/video/framebuffer.c
cc -ffreestanding -fno-exceptions -fno-stack-protector -nostdlib -nostdinc -mno-red-zone -mno-sse -mno-sse2 -mno-mmx -Wall -Wextra -Os -Ikernel/apps/doomgeneric/include -Ikernel/apps/doomgeneric/doomgeneric -Iinclude -Ikernel/net/lwip/src/include -Ikernel/net/lwip_port -c kernel/drivers/video/framebuffer.c -o build/kernel/drivers/video/framebuffer.o
[CC]   kernel/drivers/video/font.c
cc -ffreestanding -fno-exceptions -fno-stack-protector -nostdlib -nostdinc -mno-red-zone -mno-sse -mno-sse2 -mno-mmx -Wall -Wextra -Os -Ikernel/apps/doomgeneric/include -Ikernel/apps/doomgeneric/doomgeneric -Iinclude -Ikernel/net/lwip/src/include -Ikernel/net/lwip_port -c kernel/drivers/video/font.c -o build/kernel/drivers/video/font.o
[CC]   kernel/gfx/gfx.c
cc -ffreestanding -fno-exceptions -fno-stack-protector -nostdlib -nostdinc -mno-red-zone -mno-sse -mno-sse2 -mno-mmx -Wall -Wextra -Os -Ikernel/apps/doomgeneric/include -Ikernel/apps/doomgeneric/doomgeneric -Iinclude -Ikernel/net/lwip/src/include -Ikernel/net/lwip_port -c kernel/gfx/gfx.c -o build/kernel/gfx/gfx.o
[CC]   kernel/gfx/window.c
cc -ffreestanding -fno-exceptions -fno-stack-protector -nostdlib -nostdinc -mno-red-zone -mno-sse -mno-sse2 -mno-mmx -Wall -Wextra -Os -Ikernel/apps/doomgeneric/include -Ikernel/apps/doomgeneric/doomgeneric -Iinclude -Ikernel/net/lwip/src/include -Ikernel/net/lwip_port -c kernel/gfx/window.c -o build/kernel/gfx/window.o
[CC]   kernel/gfx/png.c
cc -ffreestanding -fno-exceptions -fno-stack-protector -nostdlib -nostdinc -mno-red-zone -mno-sse -mno-sse2 -mno-mmx -Wall -Wextra -Os -Ikernel/apps/doomgeneric/include -Ikernel/apps/doomgeneric/doomgeneric -Iinclude -Ikernel/net/lwip/src/include -Ikernel/net/lwip_port -c kernel/gfx/png.c -o build/kernel/gfx/png.o
[CC]   kernel/mm/pmm.c
cc -ffreestanding -fno-exceptions -fno-stack-protector -nostdlib -nostdinc -mno-red-zone -mno-sse -mno-sse2 -mno-mmx -Wall -Wextra -Os -Ikernel/apps/doomgeneric/include -Ikernel/apps/doomgeneric/doomgeneric -Iinclude -Ikernel/net/lwip/src/include -Ikernel/net/lwip_port -c kernel/mm/pmm.c -o build/kernel/mm/pmm.o
[CC]   kernel/mm/vmm.c
cc -ffreestanding -fno-exceptions -fno-stack-protector -nostdlib -nostdinc -mno-red-zone -mno-sse -mno-sse2 -mno-mmx -Wall -Wextra -Os -Ikernel/apps/doomgeneric/include -Ikernel/apps/doomgeneric/doomgeneric -Iinclude -Ikernel/net/lwip/src/include -Ikernel/net/lwip_port -c kernel/mm/vmm.c -o build/kernel/mm/vmm.o
[CC]   kernel/drivers/input/mouse.c
cc -ffreestanding -fno-exceptions -fno-stack-protector -nostdlib -nostdinc -mno-red-zone -mno-sse -mno-sse2 -mno-mmx -Wall -Wextra -Os -Ikernel/apps/doomgeneric/include -Ikernel/apps/doomgeneric/doomgeneric -Iinclude -Ikernel/net/lwip/src/include -Ikernel/net/lwip_port -c kernel/drivers/input/mouse.c -o build/kernel/drivers/input/mouse.o
[CC]   kernel/arch/x86_64/gdt.c
cc -ffreestanding -fno-exceptions -fno-stack-protector -nostdlib -nostdinc -mno-red-zone -mno-sse -mno-sse2 -mno-mmx -Wall -Wextra -Os -Ikernel/apps/doomgeneric/include -Ikernel/apps/doomgeneric/doomgeneric -Iinclude -Ikernel/net/lwip/src/include -Ikernel/net/lwip_port -c kernel/arch/x86_64/gdt.c -o build/kernel/arch/x86_64/gdt.o
[CC]   kernel/arch/x86_64/acpi.c
cc -ffreestanding -fno-exceptions -fno-stack-protector -nostdlib -nostdinc -mno-red-zone -mno-sse -mno-sse2 -mno-mmx -Wall -Wextra -Os -Ikernel/apps/doomgeneric/include -Ikernel/apps/doomgeneric/doomgeneric -Iinclude -Ikernel/net/lwip/src/include -Ikernel/net/lwip_port -c kernel/arch/x86_64/acpi.c -o build/kernel/arch/x86_64/acpi.o
[CC]   kernel/arch/x86_64/smp.c
cc -ffreestanding -fno-exceptions -fno-stack-protector -nostdlib -nostdinc -mno-red-zone -mno-sse -mno-sse2 -mno-mmx -Wall -Wextra -Os -Ikernel/apps/doomgeneric/include -Ikernel/apps/doomgeneric/doomgeneric -Iinclude -Ikernel/net/lwip/src/include -Ikernel/net/lwip_port -c kernel/arch/x86_64/smp.c -o build/kernel/arch/x86_64/smp.o
[CC]   kernel/arch/x86_64/pat.c
cc -ffreestanding -fno-exceptions -fno-stack-protector -nostdlib -nostdinc -mno-red-zone -mno-sse -mno-sse2 -mno-mmx -Wall -Wextra -Os -Ikernel/apps/doomgeneric/include -Ikernel/apps/doomgeneric/doomgeneric -Iinclude -Ikernel/net/lwip/src/include -Ikernel/net/lwip_port -c kernel/arch/x86_64/pat.c -o build/kernel/arch/x86_64/pat.o
[CC]   kernel/arch/x86_64/apic.c
cc -ffreestanding -fno-exceptions -fno-stack-protector -nostdlib -nostdinc -mno-red-zone -mno-sse -mno-sse2 -mno-mmx -Wall -Wextra -Os -Ikernel/apps/doomgeneric/include -Ikernel/apps/doomgeneric/doomgeneric -Iinclude -Ikernel/net/lwip/src/include -Ikernel/net/lwip_port -c kernel/arch/x86_64/apic.c -o build/kernel/arch/x86_64/apic.o
[CC]   kernel/arch/x86_64/syscall.c
cc -ffreestanding -fno-exceptions -fno-stack-protector -nostdlib -nostdinc -mno-red-zone -mno-sse -mno-sse2 -mno-mmx -Wall -Wextra -Os -Ikernel/apps/doomgeneric/include -Ikernel/apps/doomgeneric/doomgeneric -Iinclude -Ikernel/net/lwip/src/include -Ikernel/net/lwip_port -c kernel/arch/x86_64/syscall.c -o build/kernel/arch/x86_64/syscall.o
[CC]   kernel/drivers/disk/partition.c
cc -ffreestanding -fno-exceptions -fno-stack-protector -nostdlib -nostdinc -mno-red-zone -mno-sse -mno-sse2 -mno-mmx -Wall -Wextra -Os -Ikernel/apps/doomgeneric/include -Ikernel/apps/doomgeneric/doomgeneric -Iinclude -Ikernel/net/lwip/src/include -Ikernel/net/lwip_port -c kernel/drivers/disk/partition.c -o build/kernel/drivers/disk/partition.o
[CC]   kernel/fs/elf.c
cc -ffreestanding -fno-exceptions -fno-stack-protector -nostdlib -nostdinc -mno-red-zone -mno-sse -mno-sse2 -mno-mmx -Wall -Wextra -Os -Ikernel/apps/doomgeneric/include -Ikernel/apps/doomgeneric/doomgeneric -Iinclude -Ikernel/net/lwip/src/include -Ikernel/net/lwip_port -c kernel/fs/elf.c -o build/kernel/fs/elf.o
[CC]   kernel/drivers/net/e1000.c
cc -ffreestanding -fno-exceptions -fno-stack-protector -nostdlib -nostdinc -mno-red-zone -mno-sse -mno-sse2 -mno-mmx -Wall -Wextra -Os -Ikernel/apps/doomgeneric/include -Ikernel/apps/doomgeneric/doomgeneric -Iinclude -Ikernel/net/lwip/src/include -Ikernel/net/lwip_port -c kernel/drivers/net/e1000.c -o build/kernel/drivers/net/e1000.o
[CC]   kernel/apps/wget.c
cc -ffreestanding -fno-exceptions -fno-stack-protector -nostdlib -nostdinc -mno-red-zone -mno-sse -mno-sse2 -mno-mmx -Wall -Wextra -Os -Ikernel/apps/doomgeneric/include -Ikernel/apps/doomgeneric/doomgeneric -Iinclude -Ikernel/net/lwip/src/include -Ikernel/net/lwip_port -c kernel/apps/wget.c -o build/kernel/apps/wget.o
[CC]   kernel/net/socket.c
cc -ffreestanding -fno-exceptions -fno-stack-protector -nostdlib -nostdinc -mno-red-zone -mno-sse -mno-sse2 -mno-mmx -Wall -Wextra -Os -Ikernel/apps/doomgeneric/include -Ikernel/apps/doomgeneric/doomgeneric -Iinclude -Ikernel/net/lwip/src/include -Ikernel/net/lwip_port -c kernel/net/socket.c -o build/kernel/net/socket.o
[CC]   kernel/net/compat.c
cc -ffreestanding -fno-exceptions -fno-stack-protector -nostdlib -nostdinc -mno-red-zone -mno-sse -mno-sse2 -mno-mmx -Wall -Wextra -Os -Ikernel/apps/doomgeneric/include -Ikernel/apps/doomgeneric/doomgeneric -Iinclude -Ikernel/net/lwip/src/include -Ikernel/net/lwip_port -c kernel/net/compat.c -o build/kernel/net/compat.o
[ASM]  kernel/arch/x86_64/context_switch.asm
nasm -f elf64 kernel/arch/x86_64/context_switch.asm -o build/kernel/arch/x86_64/context_switch.o
[ASM]  kernel/arch/x86_64/gdt_flush.asm
nasm -f elf64 kernel/arch/x86_64/gdt_flush.asm -o build/kernel/arch/x86_64/gdt_flush.o
[ASM]  kernel/arch/x86_64/interrupts.asm
nasm -f elf64 kernel/arch/x86_64/interrupts.asm -o build/kernel/arch/x86_64/interrupts.o
[ASM]  kernel/arch/x86_64/syscall_entry.asm
nasm -f elf64 kernel/arch/x86_64/syscall_entry.asm -o build/kernel/arch/x86_64/syscall_entry.o
[ASM]  kernel/arch/x86_64/trampoline.asm
nasm -f elf64 kernel/arch/x86_64/trampoline.asm -o build/kernel/arch/x86_64/trampoline.o
[ASM]  kernel/arch/x86_64/smp_trampoline_wrapper.asm
nasm -f elf64 kernel/arch/x86_64/smp_trampoline_wrapper.asm -o build/kernel/arch/x86_64/smp_trampoline_wrapper.o
[ASM]  kernel/arch/x86_64/user_mode.asm
nasm -f elf64 kernel/arch/x86_64/user_mode.asm -o build/kernel/arch/x86_64/user_mode.o
[ASM]  kernel/arch/x86_64/user_payload.asm
nasm -f elf64 kernel/arch/x86_64/user_payload.asm -o build/kernel/arch/x86_64/user_payload.o
[ASM]  kernel/arch/x86_64/exceptions.asm
nasm -f elf64 kernel/arch/x86_64/exceptions.asm -o build/kernel/arch/x86_64/exceptions.o
[CC]   kernel/net/core/ip_utils.c
cc -ffreestanding -fno-exceptions -fno-stack-protector -nostdlib -nostdinc -mno-red-zone -mno-sse -mno-sse2 -mno-mmx -Wall -Wextra -Os -Ikernel/apps/doomgeneric/include -Ikernel/apps/doomgeneric/doomgeneric -Iinclude -Ikernel/net/lwip/src/include -Ikernel/net/lwip_port -c kernel/net/core/ip_utils.c -o build/kernel/net/core/ip_utils.o
[CC]   kernel/net/core/dhcp.c
cc -ffreestanding -fno-exceptions -fno-stack-protector -nostdlib -nostdinc -mno-red-zone -mno-sse -mno-sse2 -mno-mmx -Wall -Wextra -Os -Ikernel/apps/doomgeneric/include -Ikernel/apps/doomgeneric/doomgeneric -Iinclude -Ikernel/net/lwip/src/include -Ikernel/net/lwip_port -c kernel/net/core/dhcp.c -o build/kernel/net/core/dhcp.o
[CC]   kernel/net/core/nic.c
cc -ffreestanding -fno-exceptions -fno-stack-protector -nostdlib -nostdinc -mno-red-zone -mno-sse -mno-sse2 -mno-mmx -Wall -Wextra -Os -Ikernel/apps/doomgeneric/include -Ikernel/apps/doomgeneric/doomgeneric -Iinclude -Ikernel/net/lwip/src/include -Ikernel/net/lwip_port -c kernel/net/core/nic.c -o build/kernel/net/core/nic.o
[CC]   kernel/net/mock.c
cc -ffreestanding -fno-exceptions -fno-stack-protector -nostdlib -nostdinc -mno-red-zone -mno-sse -mno-sse2 -mno-mmx -Wall -Wextra -Os -Ikernel/apps/doomgeneric/include -Ikernel/apps/doomgeneric/doomgeneric -Iinclude -Ikernel/net/lwip/src/include -Ikernel/net/lwip_port -c kernel/net/mock.c -o build/kernel/net/mock.o
[CC]   kernel/net/lwip/src/core/init.c
cc -ffreestanding -fno-exceptions -fno-stack-protector -nostdlib -nostdinc -mno-red-zone -mno-sse -mno-sse2 -mno-mmx -Wall -Wextra -Os -Ikernel/apps/doomgeneric/include -Ikernel/apps/doomgeneric/doomgeneric -Iinclude -Ikernel/net/lwip/src/include -Ikernel/net/lwip_port -c kernel/net/lwip/src/core/init.c -o build/kernel/net/lwip/src/core/init.o
[CC]   kernel/net/lwip/src/core/def.c
cc -ffreestanding -fno-exceptions -fno-stack-protector -nostdlib -nostdinc -mno-red-zone -mno-sse -mno-sse2 -mno-mmx -Wall -Wextra -Os -Ikernel/apps/doomgeneric/include -Ikernel/apps/doomgeneric/doomgeneric -Iinclude -Ikernel/net/lwip/src/include -Ikernel/net/lwip_port -c kernel/net/lwip/src/core/def.c -o build/kernel/net/lwip/src/core/def.o
[CC]   kernel/net/lwip/src/core/dns.c
cc -ffreestanding -fno-exceptions -fno-stack-protector -nostdlib -nostdinc -mno-red-zone -mno-sse -mno-sse2 -mno-mmx -Wall -Wextra -Os -Ikernel/apps/doomgeneric/include -Ikernel/apps/doomgeneric/doomgeneric -Iinclude -Ikernel/net/lwip/src/include -Ikernel/net/lwip_port -c kernel/net/lwip/src/core/dns.c -o build/kernel/net/lwip/src/core/dns.o
[CC]   kernel/net/lwip/src/core/inet_chksum.c
cc -ffreestanding -fno-exceptions -fno-stack-protector -nostdlib -nostdinc -mno-red-zone -mno-sse -mno-sse2 -mno-mmx -Wall -Wextra -Os -Ikernel/apps/doomgeneric/include -Ikernel/apps/doomgeneric/doomgeneric -Iinclude -Ikernel/net/lwip/src/include -Ikernel/net/lwip_port -c kernel/net/lwip/src/core/inet_chksum.c -o build/kernel/net/lwip/src/core/inet_chksum.o
[CC]   kernel/net/lwip/src/core/ip.c
cc -ffreestanding -fno-exceptions -fno-stack-protector -nostdlib -nostdinc -mno-red-zone -mno-sse -mno-sse2 -mno-mmx -Wall -Wextra -Os -Ikernel/apps/doomgeneric/include -Ikernel/apps/doomgeneric/doomgeneric -Iinclude -Ikernel/net/lwip/src/include -Ikernel/net/lwip_port -c kernel/net/lwip/src/core/ip.c -o build/kernel/net/lwip/src/core/ip.o
[CC]   kernel/net/lwip/src/core/mem.c
cc -ffreestanding -fno-exceptions -fno-stack-protector -nostdlib -nostdinc -mno-red-zone -mno-sse -mno-sse2 -mno-mmx -Wall -Wextra -Os -Ikernel/apps/doomgeneric/include -Ikernel/apps/doomgeneric/doomgeneric -Iinclude -Ikernel/net/lwip/src/include -Ikernel/net/lwip_port -c kernel/net/lwip/src/core/mem.c -o build/kernel/net/lwip/src/core/mem.o
[CC]   kernel/net/lwip/src/core/memp.c
cc -ffreestanding -fno-exceptions -fno-stack-protector -nostdlib -nostdinc -mno-red-zone -mno-sse -mno-sse2 -mno-mmx -Wall -Wextra -Os -Ikernel/apps/doomgeneric/include -Ikernel/apps/doomgeneric/doomgeneric -Iinclude -Ikernel/net/lwip/src/include -Ikernel/net/lwip_port -c kernel/net/lwip/src/core/memp.c -o build/kernel/net/lwip/src/core/memp.o
[CC]   kernel/net/lwip/src/core/netif.c
cc -ffreestanding -fno-exceptions -fno-stack-protector -nostdlib -nostdinc -mno-red-zone -mno-sse -mno-sse2 -mno-mmx -Wall -Wextra -Os -Ikernel/apps/doomgeneric/include -Ikernel/apps/doomgeneric/doomgeneric -Iinclude -Ikernel/net/lwip/src/include -Ikernel/net/lwip_port -c kernel/net/lwip/src/core/netif.c -o build/kernel/net/lwip/src/core/netif.o
[CC]   kernel/net/lwip/src/core/pbuf.c
cc -ffreestanding -fno-exceptions -fno-stack-protector -nostdlib -nostdinc -mno-red-zone -mno-sse -mno-sse2 -mno-mmx -Wall -Wextra -Os -Ikernel/apps/doomgeneric/include -Ikernel/apps/doomgeneric/doomgeneric -Iinclude -Ikernel/net/lwip/src/include -Ikernel/net/lwip_port -c kernel/net/lwip/src/core/pbuf.c -o build/kernel/net/lwip/src/core/pbuf.o
[CC]   kernel/net/lwip/src/core/raw.c
cc -ffreestanding -fno-exceptions -fno-stack-protector -nostdlib -nostdinc -mno-red-zone -mno-sse -mno-sse2 -mno-mmx -Wall -Wextra -Os -Ikernel/apps/doomgeneric/include -Ikernel/apps/doomgeneric/doomgeneric -Iinclude -Ikernel/net/lwip/src/include -Ikernel/net/lwip_port -c kernel/net/lwip/src/core/raw.c -o build/kernel/net/lwip/src/core/raw.o
[CC]   kernel/net/lwip/src/core/stats.c
cc -ffreestanding -fno-exceptions -fno-stack-protector -nostdlib -nostdinc -mno-red-zone -mno-sse -mno-sse2 -mno-mmx -Wall -Wextra -Os -Ikernel/apps/doomgeneric/include -Ikernel/apps/doomgeneric/doomgeneric -Iinclude -Ikernel/net/lwip/src/include -Ikernel/net/lwip_port -c kernel/net/lwip/src/core/stats.c -o build/kernel/net/lwip/src/core/stats.o
[CC]   kernel/net/lwip/src/core/sys.c
cc -ffreestanding -fno-exceptions -fno-stack-protector -nostdlib -nostdinc -mno-red-zone -mno-sse -mno-sse2 -mno-mmx -Wall -Wextra -Os -Ikernel/apps/doomgeneric/include -Ikernel/apps/doomgeneric/doomgeneric -Iinclude -Ikernel/net/lwip/src/include -Ikernel/net/lwip_port -c kernel/net/lwip/src/core/sys.c -o build/kernel/net/lwip/src/core/sys.o
[CC]   kernel/net/lwip/src/core/tcp.c
cc -ffreestanding -fno-exceptions -fno-stack-protector -nostdlib -nostdinc -mno-red-zone -mno-sse -mno-sse2 -mno-mmx -Wall -Wextra -Os -Ikernel/apps/doomgeneric/include -Ikernel/apps/doomgeneric/doomgeneric -Iinclude -Ikernel/net/lwip/src/include -Ikernel/net/lwip_port -c kernel/net/lwip/src/core/tcp.c -o build/kernel/net/lwip/src/core/tcp.o
[CC]   kernel/net/lwip/src/core/tcp_in.c
cc -ffreestanding -fno-exceptions -fno-stack-protector -nostdlib -nostdinc -mno-red-zone -mno-sse -mno-sse2 -mno-mmx -Wall -Wextra -Os -Ikernel/apps/doomgeneric/include -Ikernel/apps/doomgeneric/doomgeneric -Iinclude -Ikernel/net/lwip/src/include -Ikernel/net/lwip_port -c kernel/net/lwip/src/core/tcp_in.c -o build/kernel/net/lwip/src/core/tcp_in.o
[CC]   kernel/net/lwip/src/core/tcp_out.c
cc -ffreestanding -fno-exceptions -fno-stack-protector -nostdlib -nostdinc -mno-red-zone -mno-sse -mno-sse2 -mno-mmx -Wall -Wextra -Os -Ikernel/apps/doomgeneric/include -Ikernel/apps/doomgeneric/doomgeneric -Iinclude -Ikernel/net/lwip/src/include -Ikernel/net/lwip_port -c kernel/net/lwip/src/core/tcp_out.c -o build/kernel/net/lwip/src/core/tcp_out.o
[CC]   kernel/net/lwip/src/core/timeouts.c
cc -ffreestanding -fno-exceptions -fno-stack-protector -nostdlib -nostdinc -mno-red-zone -mno-sse -mno-sse2 -mno-mmx -Wall -Wextra -Os -Ikernel/apps/doomgeneric/include -Ikernel/apps/doomgeneric/doomgeneric -Iinclude -Ikernel/net/lwip/src/include -Ikernel/net/lwip_port -c kernel/net/lwip/src/core/timeouts.c -o build/kernel/net/lwip/src/core/timeouts.o
[CC]   kernel/net/lwip/src/core/udp.c
cc -ffreestanding -fno-exceptions -fno-stack-protector -nostdlib -nostdinc -mno-red-zone -mno-sse -mno-sse2 -mno-mmx -Wall -Wextra -Os -Ikernel/apps/doomgeneric/include -Ikernel/apps/doomgeneric/doomgeneric -Iinclude -Ikernel/net/lwip/src/include -Ikernel/net/lwip_port -c kernel/net/lwip/src/core/udp.c -o build/kernel/net/lwip/src/core/udp.o
[CC]   kernel/net/lwip/src/core/ipv4/acd.c
cc -ffreestanding -fno-exceptions -fno-stack-protector -nostdlib -nostdinc -mno-red-zone -mno-sse -mno-sse2 -mno-mmx -Wall -Wextra -Os -Ikernel/apps/doomgeneric/include -Ikernel/apps/doomgeneric/doomgeneric -Iinclude -Ikernel/net/lwip/src/include -Ikernel/net/lwip_port -c kernel/net/lwip/src/core/ipv4/acd.c -o build/kernel/net/lwip/src/core/ipv4/acd.o
[CC]   kernel/net/lwip/src/core/ipv4/autoip.c
cc -ffreestanding -fno-exceptions -fno-stack-protector -nostdlib -nostdinc -mno-red-zone -mno-sse -mno-sse2 -mno-mmx -Wall -Wextra -Os -Ikernel/apps/doomgeneric/include -Ikernel/apps/doomgeneric/doomgeneric -Iinclude -Ikernel/net/lwip/src/include -Ikernel/net/lwip_port -c kernel/net/lwip/src/core/ipv4/autoip.c -o build/kernel/net/lwip/src/core/ipv4/autoip.o
[CC]   kernel/net/lwip/src/core/ipv4/dhcp.c
cc -ffreestanding -fno-exceptions -fno-stack-protector -nostdlib -nostdinc -mno-red-zone -mno-sse -mno-sse2 -mno-mmx -Wall -Wextra -Os -Ikernel/apps/doomgeneric/include -Ikernel/apps/doomgeneric/doomgeneric -Iinclude -Ikernel/net/lwip/src/include -Ikernel/net/lwip_port -c kernel/net/lwip/src/core/ipv4/dhcp.c -o build/kernel/net/lwip/src/core/ipv4/dhcp.o
[CC]   kernel/net/lwip/src/core/ipv4/etharp.c
cc -ffreestanding -fno-exceptions -fno-stack-protector -nostdlib -nostdinc -mno-red-zone -mno-sse -mno-sse2 -mno-mmx -Wall -Wextra -Os -Ikernel/apps/doomgeneric/include -Ikernel/apps/doomgeneric/doomgeneric -Iinclude -Ikernel/net/lwip/src/include -Ikernel/net/lwip_port -c kernel/net/lwip/src/core/ipv4/etharp.c -o build/kernel/net/lwip/src/core/ipv4/etharp.o
[CC]   kernel/net/lwip/src/core/ipv4/icmp.c
cc -ffreestanding -fno-exceptions -fno-stack-protector -nostdlib -nostdinc -mno-red-zone -mno-sse -mno-sse2 -mno-mmx -Wall -Wextra -Os -Ikernel/apps/doomgeneric/include -Ikernel/apps/doomgeneric/doomgeneric -Iinclude -Ikernel/net/lwip/src/include -Ikernel/net/lwip_port -c kernel/net/lwip/src/core/ipv4/icmp.c -o build/kernel/net/lwip/src/core/ipv4/icmp.o
[CC]   kernel/net/lwip/src/core/ipv4/igmp.c
cc -ffreestanding -fno-exceptions -fno-stack-protector -nostdlib -nostdinc -mno-red-zone -mno-sse -mno-sse2 -mno-mmx -Wall -Wextra -Os -Ikernel/apps/doomgeneric/include -Ikernel/apps/doomgeneric/doomgeneric -Iinclude -Ikernel/net/lwip/src/include -Ikernel/net/lwip_port -c kernel/net/lwip/src/core/ipv4/igmp.c -o build/kernel/net/lwip/src/core/ipv4/igmp.o
[CC]   kernel/net/lwip/src/core/ipv4/ip4_frag.c
cc -ffreestanding -fno-exceptions -fno-stack-protector -nostdlib -nostdinc -mno-red-zone -mno-sse -mno-sse2 -mno-mmx -Wall -Wextra -Os -Ikernel/apps/doomgeneric/include -Ikernel/apps/doomgeneric/doomgeneric -Iinclude -Ikernel/net/lwip/src/include -Ikernel/net/lwip_port -c kernel/net/lwip/src/core/ipv4/ip4_frag.c -o build/kernel/net/lwip/src/core/ipv4/ip4_frag.o
[CC]   kernel/net/lwip/src/core/ipv4/ip4.c
cc -ffreestanding -fno-exceptions -fno-stack-protector -nostdlib -nostdinc -mno-red-zone -mno-sse -mno-sse2 -mno-mmx -Wall -Wextra -Os -Ikernel/apps/doomgeneric/include -Ikernel/apps/doomgeneric/doomgeneric -Iinclude -Ikernel/net/lwip/src/include -Ikernel/net/lwip_port -c kernel/net/lwip/src/core/ipv4/ip4.c -o build/kernel/net/lwip/src/core/ipv4/ip4.o
[CC]   kernel/net/lwip/src/core/ipv4/ip4_addr.c
cc -ffreestanding -fno-exceptions -fno-stack-protector -nostdlib -nostdinc -mno-red-zone -mno-sse -mno-sse2 -mno-mmx -Wall -Wextra -Os -Ikernel/apps/doomgeneric/include -Ikernel/apps/doomgeneric/doomgeneric -Iinclude -Ikernel/net/lwip/src/include -Ikernel/net/lwip_port -c kernel/net/lwip/src/core/ipv4/ip4_addr.c -o build/kernel/net/lwip/src/core/ipv4/ip4_addr.o
[CC]   kernel/net/lwip/src/netif/ethernet.c
cc -ffreestanding -fno-exceptions -fno-stack-protector -nostdlib -nostdinc -mno-red-zone -mno-sse -mno-sse2 -mno-mmx -Wall -Wextra -Os -Ikernel/apps/doomgeneric/include -Ikernel/apps/doomgeneric/doomgeneric -Iinclude -Ikernel/net/lwip/src/include -Ikernel/net/lwip_port -c kernel/net/lwip/src/netif/ethernet.c -o build/kernel/net/lwip/src/netif/ethernet.o
[CC]   kernel/net/lwip_port/ethernetif.c
cc -ffreestanding -fno-exceptions -fno-stack-protector -nostdlib -nostdinc -mno-red-zone -mno-sse -mno-sse2 -mno-mmx -Wall -Wextra -Os -Ikernel/apps/doomgeneric/include -Ikernel/apps/doomgeneric/doomgeneric -Iinclude -Ikernel/net/lwip/src/include -Ikernel/net/lwip_port -c kernel/net/lwip_port/ethernetif.c -o build/kernel/net/lwip_port/ethernetif.o
[CC]   kernel/net/lwip_port/sys_arch.c
cc -ffreestanding -fno-exceptions -fno-stack-protector -nostdlib -nostdinc -mno-red-zone -mno-sse -mno-sse2 -mno-mmx -Wall -Wextra -Os -Ikernel/apps/doomgeneric/include -Ikernel/apps/doomgeneric/doomgeneric -Iinclude -Ikernel/net/lwip/src/include -Ikernel/net/lwip_port -c kernel/net/lwip_port/sys_arch.c -o build/kernel/net/lwip_port/sys_arch.o
[CC]   kernel/net/lwip/src/api/api_lib.c
cc -ffreestanding -fno-exceptions -fno-stack-protector -nostdlib -nostdinc -mno-red-zone -mno-sse -mno-sse2 -mno-mmx -Wall -Wextra -Os -Ikernel/apps/doomgeneric/include -Ikernel/apps/doomgeneric/doomgeneric -Iinclude -Ikernel/net/lwip/src/include -Ikernel/net/lwip_port -c kernel/net/lwip/src/api/api_lib.c -o build/kernel/net/lwip/src/api/api_lib.o
[CC]   kernel/net/lwip/src/api/api_msg.c
cc -ffreestanding -fno-exceptions -fno-stack-protector -nostdlib -nostdinc -mno-red-zone -mno-sse -mno-sse2 -mno-mmx -Wall -Wextra -Os -Ikernel/apps/doomgeneric/include -Ikernel/apps/doomgeneric/doomgeneric -Iinclude -Ikernel/net/lwip/src/include -Ikernel/net/lwip_port -c kernel/net/lwip/src/api/api_msg.c -o build/kernel/net/lwip/src/api/api_msg.o
[CC]   kernel/net/lwip/src/api/err.c
cc -ffreestanding -fno-exceptions -fno-stack-protector -nostdlib -nostdinc -mno-red-zone -mno-sse -mno-sse2 -mno-mmx -Wall -Wextra -Os -Ikernel/apps/doomgeneric/include -Ikernel/apps/doomgeneric/doomgeneric -Iinclude -Ikernel/net/lwip/src/include -Ikernel/net/lwip_port -c kernel/net/lwip/src/api/err.c -o build/kernel/net/lwip/src/api/err.o
[CC]   kernel/net/lwip/src/api/if_api.c
cc -ffreestanding -fno-exceptions -fno-stack-protector -nostdlib -nostdinc -mno-red-zone -mno-sse -mno-sse2 -mno-mmx -Wall -Wextra -Os -Ikernel/apps/doomgeneric/include -Ikernel/apps/doomgeneric/doomgeneric -Iinclude -Ikernel/net/lwip/src/include -Ikernel/net/lwip_port -c kernel/net/lwip/src/api/if_api.c -o build/kernel/net/lwip/src/api/if_api.o
[CC]   kernel/net/lwip/src/api/netbuf.c
cc -ffreestanding -fno-exceptions -fno-stack-protector -nostdlib -nostdinc -mno-red-zone -mno-sse -mno-sse2 -mno-mmx -Wall -Wextra -Os -Ikernel/apps/doomgeneric/include -Ikernel/apps/doomgeneric/doomgeneric -Iinclude -Ikernel/net/lwip/src/include -Ikernel/net/lwip_port -c kernel/net/lwip/src/api/netbuf.c -o build/kernel/net/lwip/src/api/netbuf.o
[CC]   kernel/net/lwip/src/api/netdb.c
cc -ffreestanding -fno-exceptions -fno-stack-protector -nostdlib -nostdinc -mno-red-zone -mno-sse -mno-sse2 -mno-mmx -Wall -Wextra -Os -Ikernel/apps/doomgeneric/include -Ikernel/apps/doomgeneric/doomgeneric -Iinclude -Ikernel/net/lwip/src/include -Ikernel/net/lwip_port -c kernel/net/lwip/src/api/netdb.c -o build/kernel/net/lwip/src/api/netdb.o
[CC]   kernel/net/lwip/src/api/netifapi.c
cc -ffreestanding -fno-exceptions -fno-stack-protector -nostdlib -nostdinc -mno-red-zone -mno-sse -mno-sse2 -mno-mmx -Wall -Wextra -Os -Ikernel/apps/doomgeneric/include -Ikernel/apps/doomgeneric/doomgeneric -Iinclude -Ikernel/net/lwip/src/include -Ikernel/net/lwip_port -c kernel/net/lwip/src/api/netifapi.c -o build/kernel/net/lwip/src/api/netifapi.o
[CC]   kernel/net/lwip/src/api/sockets.c
cc -ffreestanding -fno-exceptions -fno-stack-protector -nostdlib -nostdinc -mno-red-zone -mno-sse -mno-sse2 -mno-mmx -Wall -Wextra -Os -Ikernel/apps/doomgeneric/include -Ikernel/apps/doomgeneric/doomgeneric -Iinclude -Ikernel/net/lwip/src/include -Ikernel/net/lwip_port -c kernel/net/lwip/src/api/sockets.c -o build/kernel/net/lwip/src/api/sockets.o
[CC]   kernel/net/lwip/src/api/tcpip.c
cc -ffreestanding -fno-exceptions -fno-stack-protector -nostdlib -nostdinc -mno-red-zone -mno-sse -mno-sse2 -mno-mmx -Wall -Wextra -Os -Ikernel/apps/doomgeneric/include -Ikernel/apps/doomgeneric/doomgeneric -Iinclude -Ikernel/net/lwip/src/include -Ikernel/net/lwip_port -c kernel/net/lwip/src/api/tcpip.c -o build/kernel/net/lwip/src/api/tcpip.o
[AR]   build/libnet.a
ar rcs build/libnet.a build/kernel/net/core/ip_utils.o build/kernel/net/core/dhcp.o build/kernel/net/core/nic.o build/kernel/net/mock.o build/kernel/net/lwip/src/core/init.o build/kernel/net/lwip/src/core/def.o build/kernel/net/lwip/src/core/dns.o build/kernel/net/lwip/src/core/inet_chksum.o build/kernel/net/lwip/src/core/ip.o build/kernel/net/lwip/src/core/mem.o build/kernel/net/lwip/src/core/memp.o build/kernel/net/lwip/src/core/netif.o build/kernel/net/lwip/src/core/pbuf.o build/kernel/net/lwip/src/core/raw.o build/kernel/net/lwip/src/core/stats.o build/kernel/net/lwip/src/core/sys.o build/kernel/net/lwip/src/core/tcp.o build/kernel/net/lwip/src/core/tcp_in.o build/kernel/net/lwip/src/core/tcp_out.o build/kernel/net/lwip/src/core/timeouts.o build/kernel/net/lwip/src/core/udp.o build/kernel/net/lwip/src/core/ipv4/acd.o build/kernel/net/lwip/src/core/ipv4/autoip.o build/kernel/net/lwip/src/core/ipv4/dhcp.o build/kernel/net/lwip/src/core/ipv4/etharp.o build/kernel/net/lwip/src/core/ipv4/icmp.o build/kernel/net/lwip/src/core/ipv4/igmp.o build/kernel/net/lwip/src/core/ipv4/ip4_frag.o build/kernel/net/lwip/src/core/ipv4/ip4.o build/kernel/net/lwip/src/core/ipv4/ip4_addr.o build/kernel/net/lwip/src/netif/ethernet.o build/kernel/net/lwip_port/ethernetif.o build/kernel/net/lwip_port/sys_arch.o build/kernel/net/lwip/src/api/api_lib.o build/kernel/net/lwip/src/api/api_msg.o build/kernel/net/lwip/src/api/err.o build/kernel/net/lwip/src/api/if_api.o build/kernel/net/lwip/src/api/netbuf.o build/kernel/net/lwip/src/api/netdb.o build/kernel/net/lwip/src/api/netifapi.o build/kernel/net/lwip/src/api/sockets.o build/kernel/net/lwip/src/api/tcpip.o
[LD]   Enlazando kernel...
ld -T boot/x86_64/linker.ld -nostdlib -o build/kernel.elf build/kernel/main.o build/kernel/klog.o build/kernel/string.o build/kernel/stdio.o build/kernel/futex.o build/kernel/sem.o build/kernel/shell/shell.o build/kernel/shell/commands.o build/kernel/shell/history.o build/kernel/shell/cmd_system.o build/kernel/shell/cmd_net.o build/kernel/shell/cmd_task.o build/kernel/shell/cmd_misc.o build/kernel/shell/cmd_devices.o build/kernel/shell/cmd_time.o build/kernel/shell/cmd_ota.o build/kernel/shell/cmd_user.o build/kernel/shell/cmd_panel.o build/kernel/drivers/video/vga.o build/kernel/drivers/serial/serial.o build/kernel/drivers/input/keyboard.o build/kernel/drivers/input/input.o build/kernel/drivers/tty.o build/kernel/arch/x86_64/hal_impl.o build/kernel/arch/x86_64/idt.o build/kernel/arch/x86_64/pic.o build/kernel/drivers/timer/pit.o build/kernel/drivers/rtc/rtc.o build/kernel/arch/x86_64/boot/nvram.o build/kernel/mm/heap.o build/kernel/apps/santitravel.o build/kernel/apps/sysmon.o build/kernel/apps/gui_demo.o build/kernel/apps/user_loader.o build/kernel/drivers/pci/pci.o build/kernel/fs/initrd.o build/kernel/fs/vfs.o build/kernel/fs/bcache.o build/kernel/fs/devfs.o build/kernel/fs/shmfs.o build/kernel/fs/procfs.o build/kernel/fs/jfs.o build/kernel/crypto/sha256.o build/kernel/crypto/sha512.o build/kernel/crypto/ed25519.o build/kernel/task.o build/kernel/drivers/video/framebuffer.o build/kernel/drivers/video/font.o build/kernel/gfx/gfx.o build/kernel/gfx/window.o build/kernel/gfx/png.o build/kernel/mm/pmm.o build/kernel/mm/vmm.o build/kernel/drivers/input/mouse.o build/kernel/arch/x86_64/gdt.o build/kernel/arch/x86_64/acpi.o build/kernel/arch/x86_64/smp.o build/kernel/arch/x86_64/pat.o build/kernel/arch/x86_64/apic.o build/kernel/arch/x86_64/syscall.o build/kernel/drivers/disk/partition.o build/kernel/fs/elf.o build/kernel/drivers/net/e1000.o build/kernel/apps/wget.o build/kernel/net/socket.o build/kernel/net/compat.o build/kernel/arch/x86_64/context_switch.o build/kernel/arch/x86_64/gdt_flush.o build/kernel/arch/x86_64/interrupts.o build/kernel/arch/x86_64/syscall_entry.o build/kernel/arch/x86_64/trampoline.o build/kernel/arch/x86_64/smp_trampoline_wrapper.o build/kernel/arch/x86_64/user_mode.o build/kernel/arch/x86_64/user_payload.o build/kernel/arch/x86_64/exceptions.o build/libnet.a
[BIN]  Extrayendo binario del kernel...
objcopy -O binary build/kernel.elf build/kernel.bin
[INFO] Tamaño del kernel: 273800 bytes
[USER] Compilando userspace...
make -C userspace
make[1]: Entering directory '/app/userspace'
make[1]: Nothing to be done for 'all'.
make[1]: Leaving directory '/app/userspace'
cp userspace/login.elf initrd_root/
cp userspace/passwd.elf initrd_root/
cp userspace/useradd.elf initrd_root/
cp userspace/userdel.elf initrd_root/
cp userspace/sh.elf initrd_root/
cp userspace/marea_shell.elf initrd_root/
cp userspace/eterland.elf initrd_root/
cp userspace/test_pthread.elf initrd_root/
cp userspace/test_malloc.elf initrd_root/
cp userspace/test_stdio.elf initrd_root/
cp userspace/test.elf initrd_root/
cp userspace/exec_test.elf initrd_root/
[INITRD] Generando initrd...
./tools/mkinitrd.py initrd_root build/initrd.img
Created initrd 'build/initrd.img' with 20 files. Total size: 597569 bytes.
[ASM]  boot/x86_64/boot.asm (Dynamic Sectors)
Detected: Kernel=535 sectors, Initrd=1168 sectors
[IMG]  Generando imagen de disco...
dd if=/dev/zero of=build/eteros.img bs=512 count=2880 2>/dev/null
dd if=build/boot.bin of=build/eteros.img bs=512 conv=notrunc 2>/dev/null
Writing Initrd at sector 552 (Boot=17, Kernel=535)
[IMG]  Imagen generada: build/eteros.img (1474560 bytes)

================================================
  eterOS construido exitosamente! (ARCH=x86_64)
  Imagen: build/eteros.img
  Ejecutar: make run
================================================
